>>> import liblinear
>>> y, x = svm_read_problem('../heart_scale')
Traceback (most recent call last):
  File "<stdin>", line 1, in <module>
NameError: name 'svm_read_problem' is not defined
>>> import liblinearutil
>>> y, x = svm_read_problem('../heart_scale')
Traceback (most recent call last):
  File "<stdin>", line 1, in <module>
NameError: name 'svm_read_problem' is not defined
>>> y, x = liblinearutil.svm_read_problem('../heart_scale')
>>> prob=problem(y, x)
Traceback (most recent call last):
  File "<stdin>", line 1, in <module>
NameError: name 'problem' is not defined
>>> prob=liblinearutil.problem(y, x)
>>> m=train(y, x, '-s 0')
Traceback (most recent call last):
  File "<stdin>", line 1, in <module>
NameError: name 'train' is not defined
>>> m=liblinearutil.train(y, x, '-s 0')
iter  1 act 7.935e+01 pre 7.092e+01 delta 1.483e+00 f 1.871e+02 |g| 1.263e+02 CG   3
iter  2 act 8.579e+00 pre 7.397e+00 delta 1.483e+00 f 1.078e+02 |g| 2.673e+01 CG   4
iter  3 act 9.693e-01 pre 9.058e-01 delta 1.483e+00 f 9.922e+01 |g| 6.363e+00 CG   5
iter  4 act 2.016e-02 pre 1.996e-02 delta 1.483e+00 f 9.825e+01 |g| 7.840e-01 CG   5
>>> liblinearutil.predict(y, x, m, '-b 1')
Accuracy = 83.7037% (226/270) (classification)
([1.0, -1.0, -1.0, 1.0, -1.0, 1.0, 1.0, 1.0, 1.0, 1.0, 1.0, 1.0, -1.0, -1.0, -1.0, -1.0, 1.0, 1.0, -1.0, -1.0, 1.0, -1.0, -1.0, -1.0, -1.0, -1.0, -1.0, -1.0, 1.0, -1.0, 1.0, 1.0, -1.0, 1.0, 1.0, 1.0, 1.0, -1.0, -1.0, -1.0, -1.0, -1.0, -1.0, -1.0, -1.0, -1.0, 1.0, -1.0, 1.0, 1.0, 1.0, -1.0, -1.0, -1.0, -1.0, -1.0, 1.0, -1.0, -1.0, 1.0, -1.0, 1.0, -1.0, -1.0, -1.0, 1.0, -1.0, -1.0, -1.0, -1.0, 1.0, -1.0, -1.0, -1.0, -1.0, 1.0, 1.0, -1.0, -1.0, -1.0, 1.0, 1.0, 1.0, -1.0, 1.0, -1.0, -1.0, 1.0, -1.0, 1.0, -1.0, -1.0, 1.0, 1.0, 1.0, 1.0, -1.0, 1.0, -1.0, -1.0, -1.0, 1.0, -1.0, 1.0, 1.0, 1.0, -1.0, 1.0, 1.0, -1.0, 1.0, -1.0, -1.0, -1.0, -1.0, -1.0, 1.0, 1.0, -1.0, 1.0, 1.0, 1.0, 1.0, -1.0, 1.0, -1.0, 1.0, -1.0, -1.0, 1.0, -1.0, 1.0, -1.0, 1.0, 1.0, -1.0, -1.0, 1.0, -1.0, 1.0, 1.0, -1.0, 1.0, -1.0, 1.0, 1.0, -1.0, 1.0, 1.0, -1.0, -1.0, -1.0, -1.0, -1.0, -1.0, -1.0, 1.0, -1.0, -1.0, 1.0, -1.0, -1.0, -1.0, 1.0, -1.0, -1.0, -1.0, -1.0, -1.0, -1.0, -1.0, 1.0, 1.0, -1.0, -1.0, -1.0, 1.0, -1.0, 1.0, -1.0, -1.0, 1.0, 1.0, -1.0, -1.0, -1.0, 1.0, 1.0, -1.0, 1.0, -1.0, 1.0, -1.0, 1.0, -1.0, -1.0, -1.0, -1.0, -1.0, 1.0, 1.0, 1.0, 1.0, 1.0, 1.0, -1.0, -1.0, 1.0, 1.0, -1.0, -1.0, -1.0, -1.0, 1.0, -1.0, -1.0, -1.0, 1.0, 1.0, -1.0, 1.0, 1.0, -1.0, 1.0, -1.0, -1.0, -1.0, -1.0, -1.0, -1.0, 1.0, 1.0, -1.0, 1.0, 1.0, 1.0, -1.0, 1.0, -1.0, -1.0, 1.0, -1.0, -1.0, 1.0, -1.0, 1.0, 1.0, -1.0, -1.0, 1.0, 1.0, -1.0, -1.0, -1.0, -1.0, -1.0, -1.0, 1.0, -1.0, -1.0, -1.0, 1.0, -1.0, -1.0, -1.0, -1.0, -1.0, -1.0, 1.0, 1.0], (83.70370370370371, 0.6518518518518519, 0.44757007233273055), [[0.9540896949580882, 0.04591030504191185], [0.30578526869746037, 0.6942147313025396], [0.18824958902702954, 0.8117504109729705], [0.9337253674284391, 0.06627463257156085], [0.1709942663186884, 0.8290057336813116], [0.5354043789955933, 0.46459562100440666], [0.6950178342966822, 0.3049821657033178], [0.9390914126761774, 0.06090858732382265], [0.9485748336304181, 0.05142516636958194], [0.947986236031312, 0.052013763968687954], [0.6421962310463548, 0.3578037689536452], [0.8773786676196024, 0.12262133238039763], [0.14518189385019883, 0.8548181061498011], [0.2299056558170199, 0.7700943441829801], [0.21198576090906915, 0.7880142390909308], [0.1339820686932667, 0.8660179313067333], [0.9645313851761, 0.03546861482389996], [0.8576418021947858, 0.1423581978052142], [0.15981227340462253, 0.8401877265953774], [0.13837879187598576, 0.8616212081240142], [0.9819536410977899, 0.01804635890221007], [0.11159633771961601, 0.888403662280384], [0.19432792852213548, 0.8056720714778645], [0.16078719975870573, 0.8392128002412943], [0.04421008543357035, 0.9557899145664297], [0.030147957102841343, 0.9698520428971587], [0.3085226886176683, 0.6914773113823317], [0.04725455472919902, 0.952745445270801], [0.7482900888843464, 0.25170991111565355], [0.056999664747830005, 0.94300033525217], [0.7826250075123633, 0.2173749924876367], [0.767326294459599, 0.232673705540401], [0.016343744773316186, 0.9836562552266838], [0.969053880957702, 0.030946119042298048], [0.9154558392873055, 0.08454416071269455], [0.8772708432820561, 0.12272915671794393], [0.9376753812163113, 0.06232461878368867], [0.09259235119293882, 0.9074076488070612], [0.08739495139864291, 0.912605048601357], [0.22461096225530017, 0.7753890377446998], [0.4420356302652524, 0.5579643697347476], [0.05515816426047798, 0.9448418357395221], [0.14026188094382083, 0.8597381190561791], [0.04403841442646559, 0.9559615855735344], [0.39004261259679024, 0.6099573874032098], [0.08338870969720669, 0.9166112903027933], [0.7215467174995033, 0.2784532825004967], [0.35867342174717354, 0.6413265782528265], [0.9316532207075667, 0.06834677929243327], [0.9556282294518842, 0.04437177054811581], [0.7721756084348657, 0.22782439156513434], [0.013411015970672291, 0.9865889840293277], [0.06426648374148891, 0.9357335162585111], [0.06038098403173796, 0.939619015968262], [0.032200788640898224, 0.9677992113591017], [0.014783597666820684, 0.9852164023331793], [0.8874466248972643, 0.11255337510273566], [0.01782326729575259, 0.9821767327042474], [0.3191657149879499, 0.6808342850120501], [0.73669572218012, 0.26330427781988], [0.29023144493356373, 0.7097685550664363], [0.5118773961168648, 0.4881226038831352], [0.06769973049175845, 0.9323002695082415], [0.007738441059646122, 0.9922615589403538], [0.19782093842443962, 0.8021790615755604], [0.9585794126559045, 0.04142058734409548], [0.4492860557515768, 0.5507139442484232], [0.054877855674258236, 0.9451221443257418], [0.07779502375984627, 0.9222049762401537], [0.071658734346886, 0.928341265653114], [0.9162296549308568, 0.08377034506914316], [0.10542421950716888, 0.8945757804928312], [0.16977445152035453, 0.8302255484796455], [0.14341073459204443, 0.8565892654079555], [0.2332377231580119, 0.7667622768419882], [0.9879329576627122, 0.012067042337287837], [0.584641613201975, 0.41535838679802495], [0.011012510775452154, 0.9889874892245478], [0.02841536493350805, 0.971584635066492], [0.03741917360436045, 0.9625808263956396], [0.8964313506428092, 0.10356864935719079], [0.7620563430487175, 0.2379436569512825], [0.9013517006104255, 0.09864829938957453], [0.23732823774296755, 0.7626717622570325], [0.7396931357909079, 0.2603068642090921], [0.17026566366550258, 0.8297343363344974], [0.04661481805012522, 0.9533851819498748], [0.6176459936125328, 0.3823540063874672], [0.00956359553516112, 0.9904364044648388], [0.8608677149187975, 0.13913228508120246], [0.10738051937031515, 0.8926194806296849], [0.10815937413637222, 0.8918406258636278], [0.9625912436204647, 0.037408756379535335], [0.8209207473925604, 0.17907925260743962], [0.7970855060816944, 0.20291449391830563], [0.8036451008360517, 0.19635489916394833], [0.47920269965235274, 0.5207973003476473], [0.5996312201641787, 0.4003687798358213], [0.16034402954569998, 0.8396559704543001], [0.01084220602521177, 0.9891577939747882], [0.025281279053152653, 0.9747187209468473], [0.5130071722296821, 0.48699282777031794], [0.05027370260106754, 0.9497262973989324], [0.9692764524690208, 0.030723547530979167], [0.9065783836880261, 0.09342161631197388], [0.7189636845246156, 0.28103631547538444], [0.23773000150269422, 0.7622699984973058], [0.8703315551184501, 0.12966844488154994], [0.8326428667316828, 0.16735713326831725], [0.01749345410691208, 0.982506545893088], [0.5320057551415968, 0.46799424485840324], [0.0321011456065244, 0.9678988543934756], [0.1559061863113374, 0.8440938136886627], [0.00991250827439451, 0.9900874917256055], [0.03434573196294629, 0.9656542680370537], [0.01993989167041577, 0.9800601083295842], [0.6382283418889427, 0.36177165811105727], [0.9583981919450708, 0.04160180805492919], [0.04574201866178959, 0.9542579813382104], [0.8945709862709431, 0.10542901372905689], [0.8959429237073635, 0.1040570762926365], [0.9330611088806625, 0.06693889111933748], [0.9567018534894712, 0.04329814651052877], [0.10053085204232322, 0.8994691479576767], [0.583488030385946, 0.416511969614054], [0.07755523159071584, 0.9224447684092841], [0.9699799704714489, 0.030020029528551095], [0.08035425002301995, 0.91964574997698], [0.10463843403524041, 0.8953615659647596], [0.7808971608603325, 0.21910283913966755], [0.4750543847028676, 0.5249456152971324], [0.7255172362108971, 0.27448276378910286], [0.1530041472993867, 0.8469958527006133], [0.9312932702530379, 0.06870672974696213], [0.5366904978993682, 0.4633095021006318], [0.26915180907361685, 0.7308481909263831], [0.07875932483044465, 0.9212406751695553], [0.6257062722832681, 0.37429372771673186], [0.006015587911194292, 0.9939844120888057], [0.6526729599902641, 0.3473270400097359], [0.9571045288748827, 0.04289547112511727], [0.30596650016687066, 0.6940334998331293], [0.6278238014487313, 0.3721761985512687], [0.22613389983842852, 0.7738661001615714], [0.5770916693434105, 0.4229083306565895], [0.9689286615010834, 0.031071338498916634], [0.27706035753674013, 0.7229396424632599], [0.8791374058261371, 0.12086259417386291], [0.8296195734390032, 0.17038042656099683], [0.06281484326247476, 0.9371851567375252], [0.05401094031050284, 0.9459890596894972], [0.04107909532757493, 0.9589209046724251], [0.03683925933476127, 0.9631607406652387], [0.48459618496261736, 0.5154038150373826], [0.056678908709997686, 0.9433210912900023], [0.007011928982799095, 0.9929880710172009], [0.9379557965026243, 0.062044203497375716], [0.07127068374464214, 0.9287293162553578], [0.23344007782596768, 0.7665599221740323], [0.7744374719707519, 0.22556252802924814], [0.18925829884217843, 0.8107417011578215], [0.2621226599345193, 0.7378773400654808], [0.04948142762552281, 0.9505185723744772], [0.9819119338908127, 0.01808806610918734], [0.3687500715035669, 0.631249928496433], [0.2279263312722724, 0.7720736687277276], [0.07947011193194163, 0.9205298880680584], [0.20705951425736982, 0.7929404857426302], [0.30805604601974806, 0.6919439539802519], [0.07433051115991782, 0.9256694888400822], [0.13500685126948403, 0.864993148730516], [0.9660824034326528, 0.033917596567347164], [0.9081532865861563, 0.09184671341384365], [0.14519792696991998, 0.85480207303008], [0.024135987086382718, 0.9758640129136172], [0.4946727859743735, 0.5053272140256265], [0.9867773385614754, 0.013222661438524574], [0.2302062393450555, 0.7697937606549445], [0.7581507770691219, 0.24184922293087807], [0.08577996660464249, 0.9142200333953575], [0.20079850013981554, 0.7992014998601844], [0.9201336829760698, 0.07986631702393021], [0.5375721741383949, 0.46242782586160514], [0.14988954211582023, 0.8501104578841798], [0.4246871415970721, 0.5753128584029279], [0.18352650075666338, 0.8164734992433367], [0.9546520907305663, 0.04534790926943366], [0.7529466841580823, 0.2470533158419177], [0.2275109798858571, 0.7724890201141429], [0.9241725217081934, 0.07582747829180658], [0.21944321550793383, 0.7805567844920662], [0.933273712640391, 0.06672628735960895], [0.13351353971142066, 0.8664864602885793], [0.7437813869079963, 0.25621861309200367], [0.12364323163237859, 0.8763567683676214], [0.04776409309837077, 0.9522359069016292], [0.18200819890039358, 0.8179918010996065], [0.03833238286855667, 0.9616676171314433], [0.04688715850275082, 0.9531128414972492], [0.9307382200557138, 0.06926177994428617], [0.534084206871964, 0.465915793128036], [0.8884192853866546, 0.1115807146133454], [0.9557446295028226, 0.044255370497177426], [0.675553488847881, 0.324446511152119], [0.9636790290308576, 0.03632097096914244], [0.06388468003840103, 0.936115319961599], [0.04393894905253675, 0.9560610509474633], [0.718151943280078, 0.28184805671992197], [0.7139214549974457, 0.28607854500255425], [0.18654103421922302, 0.8134589657807769], [0.362306846089229, 0.6376931539107711], [0.11904160870007927, 0.8809583912999207], [0.03238583451194758, 0.9676141654880525], [0.9910383085281287, 0.008961691471871314], [0.042358507946374746, 0.9576414920536253], [0.019724627562652194, 0.9802753724373479], [0.055430606888051945, 0.9445693931119481], [0.5529721859439968, 0.4470278140560032], [0.5942412164632807, 0.40575878353671935], [0.0321451559102898, 0.9678548440897102], [0.9035021812492668, 0.09649781875073316], [0.9348598808580257, 0.06514011914197426], [0.11981465736503265, 0.8801853426349674], [0.9644204514661567, 0.035579548533843264], [0.04108274615150486, 0.9589172538484951], [0.21041819028093597, 0.789581809719064], [0.4781896141767311, 0.5218103858232689], [0.46952481984559347, 0.5304751801544065], [0.006364644061342313, 0.9936353559386577], [0.11579710996075573, 0.8842028900392442], [0.7373608658966626, 0.2626391341033374], [0.5807137382255124, 0.4192862617744876], [0.20518461191522086, 0.7948153880847791], [0.7983320017629479, 0.20166799823705206], [0.9168270601242722, 0.08317293987572782], [0.9764743779841428, 0.023525622015857173], [0.11323454436943249, 0.8867654556305675], [0.8943774927274132, 0.10562250727258682], [0.1806592651004955, 0.8193407348995045], [0.03671554374352616, 0.9632844562564739], [0.7684579861983045, 0.23154201380169548], [0.13651105338244937, 0.8634889466175506], [0.1924424323334262, 0.8075575676665738], [0.7287274518151858, 0.27127254818481417], [0.14924948368180652, 0.8507505163181934], [0.8564467871932812, 0.14355321280671884], [0.8576298209591307, 0.14237017904086935], [0.049906244970373825, 0.9500937550296262], [0.3618793621883583, 0.6381206378116417], [0.9839572354635734, 0.016042764536426612], [0.8367034081206809, 0.1632965918793191], [0.05973084304628454, 0.9402691569537155], [0.42686407386571074, 0.5731359261342892], [0.10299927814927026, 0.8970007218507298], [0.05966122786328401, 0.940338772136716], [0.10474421379269716, 0.8952557862073028], [0.21534118164281488, 0.7846588183571851], [0.916174974851081, 0.08382502514891899], [0.12621462080529788, 0.8737853791947021], [0.2000158940756661, 0.7999841059243339], [0.02234484923518143, 0.9776551507648186], [0.9815466054442505, 0.01845339455574946], [0.14978475424129709, 0.8502152457587029], [0.04077571762547388, 0.9592242823745262], [0.27825445590457554, 0.7217455440954245], [0.21024937324194584, 0.7897506267580542], [0.11495749677239386, 0.8850425032276061], [0.05571439807727527, 0.9442856019227247], [0.5952572210566077, 0.4047427789433923], [0.9831148795231157, 0.016885120476884286]])
